[19428:26292:0517/200310.395:WARNING:chrome_main_delegate.cc(745)] This is Chrome version 128.0.6613.138 (not a warning)
[19428:26292:0517/200310.585:WARNING:account_consistency_mode_manager.cc(77)] Desktop Identity Consistency cannot be enabled as no OAuth client ID and client secret have been configured.
[19428:55512:0517/200318.865:ERROR:cert_issuer_source_aia.cc(35)] Error parsing cert retrieved from AIA (as DER):
ERROR: Failed parsing Certificate SEQUENCE
ERROR: Failed parsing Certificate

[19428:5216:0517/200318.865:ERROR:cert_issuer_source_aia.cc(35)] Error parsing cert retrieved from AIA (as DER):
ERROR: Failed parsing Certificate SEQUENCE
ERROR: Failed parsing Certificate

[19428:20816:0517/200318.865:ERROR:cert_issuer_source_aia.cc(35)] Error parsing cert retrieved from AIA (as DER):
ERROR: Failed parsing Certificate SEQUENCE
ERROR: Failed parsing Certificate

[19428:10136:0517/200318.865:ERROR:cert_issuer_source_aia.cc(35)] Error parsing cert retrieved from AIA (as DER):
ERROR: Failed parsing Certificate SEQUENCE
ERROR: Failed parsing Certificate

[19428:57068:0517/200318.865:ERROR:cert_issuer_source_aia.cc(35)] Error parsing cert retrieved from AIA (as DER):
ERROR: Failed parsing Certificate SEQUENCE
ERROR: Failed parsing Certificate

[19428:52752:0517/200318.865:ERROR:cert_issuer_source_aia.cc(35)] Error parsing cert retrieved from AIA (as DER):
ERROR: Failed parsing Certificate SEQUENCE
ERROR: Failed parsing Certificate

[19428:40172:0517/200318.865:ERROR:cert_issuer_source_aia.cc(35)] Error parsing cert retrieved from AIA (as DER):
ERROR: Failed parsing Certificate SEQUENCE
ERROR: Failed parsing Certificate

[19428:55432:0517/200318.865:ERROR:cert_issuer_source_aia.cc(35)] Error parsing cert retrieved from AIA (as DER):
ERROR: Failed parsing Certificate SEQUENCE
ERROR: Failed parsing Certificate

[51416:55612:0517/200319.192:WARNING:frame_impl.cc(430)] virtual CefFrameImpl::SendProcessMessage sent to detached frame 5-468B91B89CFFE8716CC0B8F3B357F349 will be ignored
[19428:52752:0517/200319.523:ERROR:cert_verify_proc_builtin.cc(1063)] CertVerifyProcBuiltin for dns.google failed:
----- Certificate i=3 (CN=Cisco Umbrella Root CA,O=Cisco) -----
ERROR: No matching issuer found


[19428:10136:0517/200319.523:ERROR:cert_verify_proc_builtin.cc(1063)] CertVerifyProcBuiltin for dns.google failed:
----- Certificate i=3 (CN=Cisco Umbrella Root CA,O=Cisco) -----
ERROR: No matching issuer found


[19428:57068:0517/200319.523:ERROR:cert_verify_proc_builtin.cc(1063)] CertVerifyProcBuiltin for chrome.cloudflare-dns.com failed:
----- Certificate i=3 (CN=Cisco Umbrella Root CA,O=Cisco) -----
ERROR: No matching issuer found


[19428:55512:0517/200319.523:ERROR:cert_verify_proc_builtin.cc(1063)] CertVerifyProcBuiltin for chrome.cloudflare-dns.com failed:
----- Certificate i=3 (CN=Cisco Umbrella Root CA,O=Cisco) -----
ERROR: No matching issuer found


[19428:40172:0517/200319.523:ERROR:cert_verify_proc_builtin.cc(1063)] CertVerifyProcBuiltin for dns.google failed:
----- Certificate i=3 (CN=Cisco Umbrella Root CA,O=Cisco) -----
ERROR: No matching issuer found


[19428:5216:0517/200319.523:ERROR:cert_verify_proc_builtin.cc(1063)] CertVerifyProcBuiltin for dns.google failed:
----- Certificate i=3 (CN=Cisco Umbrella Root CA,O=Cisco) -----
ERROR: No matching issuer found


[19428:20816:0517/200319.527:ERROR:cert_verify_proc_builtin.cc(1063)] CertVerifyProcBuiltin for dns.google failed:
----- Certificate i=3 (CN=Cisco Umbrella Root CA,O=Cisco) -----
ERROR: No matching issuer found


[11144:43972:0517/200319.527:ERROR:ssl_client_socket_impl.cc(882)] handshake failed; returned -1, SSL error code 1, net_error -202
[19428:55432:0517/200319.527:ERROR:cert_verify_proc_builtin.cc(1063)] CertVerifyProcBuiltin for chrome.cloudflare-dns.com failed:
----- Certificate i=3 (CN=Cisco Umbrella Root CA,O=Cisco) -----
ERROR: No matching issuer found


[11144:43972:0517/200319.527:ERROR:ssl_client_socket_impl.cc(882)] handshake failed; returned -1, SSL error code 1, net_error -202
[11144:43972:0517/200319.527:ERROR:ssl_client_socket_impl.cc(882)] handshake failed; returned -1, SSL error code 1, net_error -202
[11144:43972:0517/200319.527:ERROR:ssl_client_socket_impl.cc(882)] handshake failed; returned -1, SSL error code 1, net_error -202
[11144:43972:0517/200319.528:ERROR:ssl_client_socket_impl.cc(882)] handshake failed; returned -1, SSL error code 1, net_error -202
[11144:43972:0517/200319.528:ERROR:ssl_client_socket_impl.cc(882)] handshake failed; returned -1, SSL error code 1, net_error -202
[11144:43972:0517/200319.528:ERROR:ssl_client_socket_impl.cc(882)] handshake failed; returned -1, SSL error code 1, net_error -202
[11144:43972:0517/200319.528:ERROR:ssl_client_socket_impl.cc(882)] handshake failed; returned -1, SSL error code 1, net_error -202
[11144:43972:0517/200319.529:ERROR:ssl_client_socket_impl.cc(882)] handshake failed; returned -1, SSL error code 1, net_error -202
[11144:43972:0517/200319.529:ERROR:ssl_client_socket_impl.cc(882)] handshake failed; returned -1, SSL error code 1, net_error -202
[11144:43972:0517/200319.529:ERROR:ssl_client_socket_impl.cc(882)] handshake failed; returned -1, SSL error code 1, net_error -202
[11144:43972:0517/200319.529:ERROR:ssl_client_socket_impl.cc(882)] handshake failed; returned -1, SSL error code 1, net_error -202
[11144:43972:0517/200319.529:ERROR:ssl_client_socket_impl.cc(882)] handshake failed; returned -1, SSL error code 1, net_error -202
[11144:43972:0517/200319.531:ERROR:ssl_client_socket_impl.cc(882)] handshake failed; returned -1, SSL error code 1, net_error -202
[11144:43972:0517/200319.860:ERROR:ssl_client_socket_impl.cc(882)] handshake failed; returned -1, SSL error code 1, net_error -202
[11144:43972:0517/200319.862:ERROR:ssl_client_socket_impl.cc(882)] handshake failed; returned -1, SSL error code 1, net_error -202
[11144:43972:0517/200319.862:ERROR:ssl_client_socket_impl.cc(882)] handshake failed; returned -1, SSL error code 1, net_error -202
[19428:28248:0517/200319.862:ERROR:cert_issuer_source_aia.cc(35)] Error parsing cert retrieved from AIA (as DER):
ERROR: Failed parsing Certificate SEQUENCE
ERROR: Failed parsing Certificate

[19428:28248:0517/200320.198:ERROR:cert_verify_proc_builtin.cc(1063)] CertVerifyProcBuiltin for dns.google failed:
----- Certificate i=3 (CN=Cisco Umbrella Root CA,O=Cisco) -----
ERROR: No matching issuer found


[11144:43972:0517/200320.522:ERROR:ssl_client_socket_impl.cc(882)] handshake failed; returned -1, SSL error code 1, net_error -202
[11144:43972:0517/200320.983:ERROR:ssl_client_socket_impl.cc(882)] handshake failed; returned -1, SSL error code 1, net_error -202
[11144:43972:0517/200321.013:ERROR:ssl_client_socket_impl.cc(882)] handshake failed; returned -1, SSL error code 1, net_error -202
[11144:43972:0517/200321.083:ERROR:ssl_client_socket_impl.cc(882)] handshake failed; returned -1, SSL error code 1, net_error -202
[11144:43972:0517/200321.151:ERROR:ssl_client_socket_impl.cc(882)] handshake failed; returned -1, SSL error code 1, net_error -202
[11144:43972:0517/200321.314:ERROR:ssl_client_socket_impl.cc(882)] handshake failed; returned -1, SSL error code 1, net_error -202
[19428:14088:0517/200321.869:WARNING:browser_info.cc(345)] Returning a speculative frame for [8,9]
[19428:5216:0517/200322.190:ERROR:cert_issuer_source_aia.cc(35)] Error parsing cert retrieved from AIA (as DER):
ERROR: Failed parsing Certificate SEQUENCE
ERROR: Failed parsing Certificate

[19428:5216:0517/200322.523:ERROR:cert_verify_proc_builtin.cc(1063)] CertVerifyProcBuiltin for chrome.cloudflare-dns.com failed:
----- Certificate i=3 (CN=Cisco Umbrella Root CA,O=Cisco) -----
ERROR: No matching issuer found


[19428:26292:0517/200322.860:WARNING:browser_info.cc(345)] Returning a speculative frame for [9,9]
[19428:26292:0517/200322.860:WARNING:browser_info.cc(345)] Returning a speculative frame for [9,9]
[19428:26292:0517/200322.860:WARNING:browser_info.cc(345)] Returning a speculative frame for [9,9]
[19428:26292:0517/200322.860:WARNING:browser_info.cc(345)] Returning a speculative frame for [9,9]
[11144:43972:0517/200322.862:ERROR:ssl_client_socket_impl.cc(882)] handshake failed; returned -1, SSL error code 1, net_error -202
[19428:14088:0517/200322.868:WARNING:browser_info.cc(345)] Returning a speculative frame for [9,9]
[11144:43972:0517/200323.845:ERROR:ssl_client_socket_impl.cc(882)] handshake failed; returned -1, SSL error code 1, net_error -202
[11144:43972:0517/200324.094:ERROR:ssl_client_socket_impl.cc(882)] handshake failed; returned -1, SSL error code 1, net_error -202
[11144:43972:0517/200324.507:ERROR:ssl_client_socket_impl.cc(882)] handshake failed; returned -1, SSL error code 1, net_error -202
[11144:43972:0517/200324.520:ERROR:ssl_client_socket_impl.cc(882)] handshake failed; returned -1, SSL error code 1, net_error -202
[11144:43972:0517/200324.667:ERROR:ssl_client_socket_impl.cc(882)] handshake failed; returned -1, SSL error code 1, net_error -202
[11144:43972:0517/200324.734:ERROR:ssl_client_socket_impl.cc(882)] handshake failed; returned -1, SSL error code 1, net_error -202
[11144:43972:0517/200325.330:ERROR:ssl_client_socket_impl.cc(882)] handshake failed; returned -1, SSL error code 1, net_error -202
[11144:43972:0517/200325.406:ERROR:ssl_client_socket_impl.cc(882)] handshake failed; returned -1, SSL error code 1, net_error -202
[11144:43972:0517/200328.500:ERROR:ssl_client_socket_impl.cc(882)] handshake failed; returned -1, SSL error code 1, net_error -202
[11144:43972:0517/200328.723:ERROR:ssl_client_socket_impl.cc(882)] handshake failed; returned -1, SSL error code 1, net_error -202
[11144:43972:0517/200328.784:ERROR:ssl_client_socket_impl.cc(882)] handshake failed; returned -1, SSL error code 1, net_error -202
[11144:43972:0517/200329.119:ERROR:ssl_client_socket_impl.cc(882)] handshake failed; returned -1, SSL error code 1, net_error -202
[19428:55512:0517/200329.193:ERROR:cert_issuer_source_aia.cc(35)] Error parsing cert retrieved from AIA (as DER):
ERROR: Failed parsing Certificate SEQUENCE
ERROR: Failed parsing Certificate

[11144:43972:0517/200329.247:ERROR:ssl_client_socket_impl.cc(882)] handshake failed; returned -1, SSL error code 1, net_error -202
[19428:55512:0517/200329.526:ERROR:cert_verify_proc_builtin.cc(1063)] CertVerifyProcBuiltin for chrome.cloudflare-dns.com failed:
----- Certificate i=3 (CN=Cisco Umbrella Root CA,O=Cisco) -----
ERROR: No matching issuer found


[11144:43972:0517/200329.527:ERROR:ssl_client_socket_impl.cc(882)] handshake failed; returned -1, SSL error code 1, net_error -202
[23816:39704:0517/200332.243:WARNING:codec.cc(525)] Explicitly added H264 constrained baseline to list of supported formats.
[23816:39704:0517/200333.082:WARNING:codec.cc(525)] Explicitly added H264 constrained baseline to list of supported formats.
[23816:39168:0517/200333.097:WARNING:codec.cc(525)] Explicitly added H264 constrained baseline to list of supported formats.
[23816:39168:0517/200333.097:WARNING:codec.cc(525)] Explicitly added H264 constrained baseline to list of supported formats.
[23816:39168:0517/200333.098:WARNING:codec.cc(525)] Explicitly added H264 constrained baseline to list of supported formats.
[11144:43972:0517/200334.794:ERROR:ssl_client_socket_impl.cc(882)] handshake failed; returned -1, SSL error code 1, net_error -202
[11144:43972:0517/200335.462:ERROR:ssl_client_socket_impl.cc(882)] handshake failed; returned -1, SSL error code 1, net_error -202
[11144:43972:0517/200335.987:ERROR:ssl_client_socket_impl.cc(882)] handshake failed; returned -1, SSL error code 1, net_error -202
[11144:43972:0517/200336.900:ERROR:ssl_client_socket_impl.cc(882)] handshake failed; returned -1, SSL error code 1, net_error -202
[11144:43972:0517/200336.939:ERROR:ssl_client_socket_impl.cc(882)] handshake failed; returned -1, SSL error code 1, net_error -202
[11144:43972:0517/200337.839:ERROR:ssl_client_socket_impl.cc(882)] handshake failed; returned -1, SSL error code 1, net_error -202
[11144:43972:0517/200345.144:ERROR:ssl_client_socket_impl.cc(882)] handshake failed; returned -1, SSL error code 1, net_error -202
[11144:43972:0517/200345.894:ERROR:ssl_client_socket_impl.cc(882)] handshake failed; returned -1, SSL error code 1, net_error -202
[11144:43972:0517/200346.097:ERROR:ssl_client_socket_impl.cc(882)] handshake failed; returned -1, SSL error code 1, net_error -202
[11144:43972:0517/200346.639:ERROR:ssl_client_socket_impl.cc(882)] handshake failed; returned -1, SSL error code 1, net_error -202
[11144:43972:0517/200346.810:ERROR:ssl_client_socket_impl.cc(882)] handshake failed; returned -1, SSL error code 1, net_error -202
[19428:55512:0517/200347.950:ERROR:cert_issuer_source_aia.cc(35)] Error parsing cert retrieved from AIA (as DER):
ERROR: Failed parsing Certificate SEQUENCE
ERROR: Failed parsing Certificate

[19428:55512:0517/200348.000:ERROR:cert_verify_proc_builtin.cc(1063)] CertVerifyProcBuiltin for chrome.cloudflare-dns.com failed:
----- Certificate i=3 (CN=Cisco Umbrella Root CA,O=Cisco) -----
ERROR: No matching issuer found


[11144:43972:0517/200348.017:ERROR:ssl_client_socket_impl.cc(882)] handshake failed; returned -1, SSL error code 1, net_error -202
[11144:43972:0517/200350.423:ERROR:socket_manager.cc(147)] Failed to resolve address for stun.cloudflare.com., errorcode: -105
[11144:43972:0517/200350.423:ERROR:socket_manager.cc(147)] Failed to resolve address for stun.cloudflare.com., errorcode: -105
[11144:43972:0517/200350.423:ERROR:socket_manager.cc(147)] Failed to resolve address for stun.cloudflare.com., errorcode: -105
[11144:43972:0517/200350.424:ERROR:socket_manager.cc(147)] Failed to resolve address for stun.cloudflare.com., errorcode: -105
[11144:43972:0517/200350.424:ERROR:socket_manager.cc(147)] Failed to resolve address for stun.cloudflare.com., errorcode: -105
[11144:43972:0517/200350.424:ERROR:socket_manager.cc(147)] Failed to resolve address for stun.cloudflare.com., errorcode: -105
[11144:43972:0517/200400.256:ERROR:ssl_client_socket_impl.cc(882)] handshake failed; returned -1, SSL error code 1, net_error -202
[11144:43972:0517/200400.452:ERROR:ssl_client_socket_impl.cc(882)] handshake failed; returned -1, SSL error code 1, net_error -202
[11144:43972:0517/200400.676:ERROR:ssl_client_socket_impl.cc(882)] handshake failed; returned -1, SSL error code 1, net_error -202
[11144:43972:0517/200401.653:ERROR:ssl_client_socket_impl.cc(882)] handshake failed; returned -1, SSL error code 1, net_error -202
[11144:43972:0517/200403.062:ERROR:ssl_client_socket_impl.cc(882)] handshake failed; returned -1, SSL error code 1, net_error -202
[11144:43972:0517/200403.332:ERROR:ssl_client_socket_impl.cc(882)] handshake failed; returned -1, SSL error code 1, net_error -202
[11144:43972:0517/200424.713:ERROR:ssl_client_socket_impl.cc(882)] handshake failed; returned -1, SSL error code 1, net_error -202
[11144:43972:0517/200425.000:ERROR:ssl_client_socket_impl.cc(882)] handshake failed; returned -1, SSL error code 1, net_error -202
[11144:43972:0517/200425.836:ERROR:ssl_client_socket_impl.cc(882)] handshake failed; returned -1, SSL error code 1, net_error -202
[11144:43972:0517/200426.035:ERROR:ssl_client_socket_impl.cc(882)] handshake failed; returned -1, SSL error code 1, net_error -202
[11144:43972:0517/200426.504:ERROR:ssl_client_socket_impl.cc(882)] handshake failed; returned -1, SSL error code 1, net_error -202
[11144:43972:0517/200428.418:ERROR:ssl_client_socket_impl.cc(882)] handshake failed; returned -1, SSL error code 1, net_error -202
[11144:43972:0517/200459.222:ERROR:ssl_client_socket_impl.cc(882)] handshake failed; returned -1, SSL error code 1, net_error -202
[11144:43972:0517/200459.500:ERROR:ssl_client_socket_impl.cc(882)] handshake failed; returned -1, SSL error code 1, net_error -202
[11144:43972:0517/200500.932:ERROR:ssl_client_socket_impl.cc(882)] handshake failed; returned -1, SSL error code 1, net_error -202
[11144:43972:0517/200501.410:ERROR:ssl_client_socket_impl.cc(882)] handshake failed; returned -1, SSL error code 1, net_error -202
[11144:43972:0517/200502.065:ERROR:ssl_client_socket_impl.cc(882)] handshake failed; returned -1, SSL error code 1, net_error -202
[11144:43972:0517/200503.568:ERROR:ssl_client_socket_impl.cc(882)] handshake failed; returned -1, SSL error code 1, net_error -202
[27928:42808:0517/200544.262:ERROR:shared_image_manager.cc(224)] SharedImageManager::ProduceSkia: Trying to Produce a Skia representation from a non-existent mailbox.
[11144:43972:0517/200550.092:ERROR:ssl_client_socket_impl.cc(882)] handshake failed; returned -1, SSL error code 1, net_error -202
[11144:43972:0517/200550.314:ERROR:ssl_client_socket_impl.cc(882)] handshake failed; returned -1, SSL error code 1, net_error -202
[6228:21624:0517/201142.794:WARNING:frame_impl.cc(430)] virtual CefFrameImpl::SendProcessMessage sent to detached frame C-51C5FE6D75FB35BFA6AED4414EE88750 will be ignored
[19428:26292:0517/204848.902:WARNING:pref_notifier_impl.cc(41)] Pref observer for media_router.cast_allow_all_ips found at shutdown.
